// Jest Snapshot v1, https://goo.gl/fbAQLP

exports[`pnl assessment stack tests Should generate stack as expected by snapshot 1`] = `
{
  "Parameters": {
    "BootstrapVersion": {
      "Default": "/cdk-bootstrap/hnb659fds/version",
      "Description": "Version of the CDK Bootstrap resources in this environment, automatically retrieved from SSM Parameter Store. [cdk:skip]",
      "Type": "AWS::SSM::Parameter::Value<String>",
    },
  },
  "Resources": {
    "LogRetentionaae0aa3c5b4d4f87b02d85b201efdd8aFD4BFC8A": {
      "DependsOn": [
        "LogRetentionaae0aa3c5b4d4f87b02d85b201efdd8aServiceRoleDefaultPolicyADDA7DEB",
        "LogRetentionaae0aa3c5b4d4f87b02d85b201efdd8aServiceRole9741ECFB",
      ],
      "Properties": {
        "Code": {
          "S3Bucket": {
            "Fn::Sub": "cdk-hnb659fds-assets-\${AWS::AccountId}-\${AWS::Region}",
          },
          "S3Key": "eb5b005c858404ea0c8f68098ed5dcdf5340e02461f149751d10f59c210d5ef8.zip",
        },
        "Handler": "index.handler",
        "Role": {
          "Fn::GetAtt": [
            "LogRetentionaae0aa3c5b4d4f87b02d85b201efdd8aServiceRole9741ECFB",
            "Arn",
          ],
        },
        "Runtime": "nodejs14.x",
      },
      "Type": "AWS::Lambda::Function",
    },
    "LogRetentionaae0aa3c5b4d4f87b02d85b201efdd8aServiceRole9741ECFB": {
      "Properties": {
        "AssumeRolePolicyDocument": {
          "Statement": [
            {
              "Action": "sts:AssumeRole",
              "Effect": "Allow",
              "Principal": {
                "Service": "lambda.amazonaws.com",
              },
            },
          ],
          "Version": "2012-10-17",
        },
        "ManagedPolicyArns": [
          {
            "Fn::Join": [
              "",
              [
                "arn:",
                {
                  "Ref": "AWS::Partition",
                },
                ":iam::aws:policy/service-role/AWSLambdaBasicExecutionRole",
              ],
            ],
          },
        ],
      },
      "Type": "AWS::IAM::Role",
    },
    "LogRetentionaae0aa3c5b4d4f87b02d85b201efdd8aServiceRoleDefaultPolicyADDA7DEB": {
      "Properties": {
        "PolicyDocument": {
          "Statement": [
            {
              "Action": [
                "logs:PutRetentionPolicy",
                "logs:DeleteRetentionPolicy",
              ],
              "Effect": "Allow",
              "Resource": "*",
            },
          ],
          "Version": "2012-10-17",
        },
        "PolicyName": "LogRetentionaae0aa3c5b4d4f87b02d85b201efdd8aServiceRoleDefaultPolicyADDA7DEB",
        "Roles": [
          {
            "Ref": "LogRetentionaae0aa3c5b4d4f87b02d85b201efdd8aServiceRole9741ECFB",
          },
        ],
      },
      "Type": "AWS::IAM::Policy",
    },
    "dynamodbDeviceTabledevicetabledynamodbLogicalIdE02DFAD2": {
      "DeletionPolicy": "Retain",
      "Properties": {
        "AttributeDefinitions": [
          {
            "AttributeName": "device_mac_address",
            "AttributeType": "S",
          },
        ],
        "BillingMode": "PAY_PER_REQUEST",
        "KeySchema": [
          {
            "AttributeName": "device_mac_address",
            "KeyType": "HASH",
          },
        ],
        "SSESpecification": {
          "SSEEnabled": true,
        },
        "StreamSpecification": {
          "StreamViewType": "NEW_IMAGE",
        },
        "TableClass": "STANDARD",
        "TableName": "device_table",
      },
      "Type": "AWS::DynamoDB::Table",
      "UpdateReplacePolicy": "Retain",
    },
    "dynamodbRefTablevehicledevicemappingtabledynamodbLogicalIdFA79C9F6": {
      "DeletionPolicy": "Retain",
      "Properties": {
        "AttributeDefinitions": [
          {
            "AttributeName": "device_mac_address",
            "AttributeType": "S",
          },
        ],
        "BillingMode": "PAY_PER_REQUEST",
        "KeySchema": [
          {
            "AttributeName": "device_mac_address",
            "KeyType": "HASH",
          },
        ],
        "SSESpecification": {
          "SSEEnabled": true,
        },
        "TableClass": "STANDARD",
        "TableName": "vehicle_device_mapping_table",
      },
      "Type": "AWS::DynamoDB::Table",
      "UpdateReplacePolicy": "Retain",
    },
    "dynamodbVehicleTablevehicletabledynamodbLogicalId917C0593": {
      "DeletionPolicy": "Retain",
      "Properties": {
        "AttributeDefinitions": [
          {
            "AttributeName": "vehicle_mac_address",
            "AttributeType": "S",
          },
        ],
        "BillingMode": "PAY_PER_REQUEST",
        "KeySchema": [
          {
            "AttributeName": "vehicle_mac_address",
            "KeyType": "HASH",
          },
        ],
        "SSESpecification": {
          "SSEEnabled": true,
        },
        "TableClass": "STANDARD",
        "TableName": "vehicle_table",
      },
      "Type": "AWS::DynamoDB::Table",
      "UpdateReplacePolicy": "Retain",
    },
    "eventsHandlerAlias18D81974": {
      "Properties": {
        "FunctionName": {
          "Ref": "pocDemoLambdaEventsHandlerLambda62388BA9",
        },
        "FunctionVersion": {
          "Fn::GetAtt": [
            "eventsHandlerLambdaVersionIdF2189976",
            "Version",
          ],
        },
        "Name": "events-handler-lambda-alias",
      },
      "Type": "AWS::Lambda::Alias",
    },
    "eventsHandlerLambdaVersionIdF2189976": {
      "Properties": {
        "FunctionName": {
          "Ref": "pocDemoLambdaEventsHandlerLambda62388BA9",
        },
      },
      "Type": "AWS::Lambda::Version",
    },
    "pocDemoLambdaEventsHandlerLambda62388BA9": {
      "DependsOn": [
        "pocDemoLambdaEventsHandlerLambdaServiceRoleDefaultPolicy70C38AE7",
        "pocDemoLambdaEventsHandlerLambdaServiceRoleDDA5FF74",
      ],
      "Properties": {
        "Architectures": [
          "arm64",
        ],
        "Code": {
          "S3Bucket": {
            "Fn::Sub": "cdk-hnb659fds-assets-\${AWS::AccountId}-\${AWS::Region}",
          },
          "S3Key": "0b82de6492c08a362eb732440533a8229c5afc784a3d4f40d96c20838599c42d.zip",
        },
        "Description": "IoT Events Handler Lambda Function",
        "Environment": {
          "Variables": {
            "DEVICE_TABLE_NAME": {
              "Ref": "dynamodbDeviceTabledevicetabledynamodbLogicalIdE02DFAD2",
            },
            "REFERENCE_TABLE_NAME": {
              "Ref": "dynamodbRefTablevehicledevicemappingtabledynamodbLogicalIdFA79C9F6",
            },
            "SNS_ARN": "arn:aws:sns:ap-south-1:189351993567:demo-sns-topic",
            "VEHICLE_TABLE_NAME": {
              "Ref": "dynamodbVehicleTablevehicletabledynamodbLogicalId917C0593",
            },
          },
        },
        "FunctionName": "events-handler-lambda-function",
        "Handler": "iot_events_handler.lambda_handler",
        "Layers": [
          {
            "Ref": "pocDemoLambdaeventsHandlerLambdaLayer01C20414",
          },
        ],
        "Role": {
          "Fn::GetAtt": [
            "pocDemoLambdaEventsHandlerLambdaServiceRoleDDA5FF74",
            "Arn",
          ],
        },
        "Runtime": "python3.9",
        "Timeout": 60,
        "TracingConfig": {
          "Mode": "Active",
        },
      },
      "Type": "AWS::Lambda::Function",
    },
    "pocDemoLambdaEventsHandlerLambdaDynamoDBEventSourceCdkDemoProjectStackdynamodbDeviceTabledevicetabledynamodbLogicalIdD4C4D88CCDD714C1": {
      "Properties": {
        "BatchSize": 100,
        "EventSourceArn": {
          "Fn::GetAtt": [
            "dynamodbDeviceTabledevicetabledynamodbLogicalIdE02DFAD2",
            "StreamArn",
          ],
        },
        "FunctionName": {
          "Ref": "pocDemoLambdaEventsHandlerLambda62388BA9",
        },
        "StartingPosition": "LATEST",
      },
      "Type": "AWS::Lambda::EventSourceMapping",
    },
    "pocDemoLambdaEventsHandlerLambdaLogRetention4B2A9A81": {
      "Properties": {
        "LogGroupName": {
          "Fn::Join": [
            "",
            [
              "/aws/lambda/",
              {
                "Ref": "pocDemoLambdaEventsHandlerLambda62388BA9",
              },
            ],
          ],
        },
        "RetentionInDays": 7,
        "ServiceToken": {
          "Fn::GetAtt": [
            "LogRetentionaae0aa3c5b4d4f87b02d85b201efdd8aFD4BFC8A",
            "Arn",
          ],
        },
      },
      "Type": "Custom::LogRetention",
    },
    "pocDemoLambdaEventsHandlerLambdaServiceRoleDDA5FF74": {
      "Properties": {
        "AssumeRolePolicyDocument": {
          "Statement": [
            {
              "Action": "sts:AssumeRole",
              "Effect": "Allow",
              "Principal": {
                "Service": "lambda.amazonaws.com",
              },
            },
          ],
          "Version": "2012-10-17",
        },
        "ManagedPolicyArns": [
          {
            "Fn::Join": [
              "",
              [
                "arn:",
                {
                  "Ref": "AWS::Partition",
                },
                ":iam::aws:policy/service-role/AWSLambdaBasicExecutionRole",
              ],
            ],
          },
        ],
      },
      "Type": "AWS::IAM::Role",
    },
    "pocDemoLambdaEventsHandlerLambdaServiceRoleDefaultPolicy70C38AE7": {
      "Properties": {
        "PolicyDocument": {
          "Statement": [
            {
              "Action": "logs:CreateLogGroup",
              "Effect": "Allow",
              "Resource": {
                "Fn::Join": [
                  "",
                  [
                    "arn:aws:logs:",
                    {
                      "Ref": "AWS::Region",
                    },
                    ":",
                    {
                      "Ref": "AWS::AccountId",
                    },
                    ":*",
                  ],
                ],
              },
            },
            {
              "Action": [
                "logs:CreateLogStream",
                "logs:PutLogEvents",
              ],
              "Effect": "Allow",
              "Resource": {
                "Fn::Join": [
                  "",
                  [
                    "arn:aws:logs:",
                    {
                      "Ref": "AWS::Region",
                    },
                    ":",
                    {
                      "Ref": "AWS::AccountId",
                    },
                    ":log-group:/aws/lambda/*",
                  ],
                ],
              },
            },
            {
              "Action": [
                "sns:Publish",
                "sns:ListTopics",
              ],
              "Effect": "Allow",
              "Resource": "arn:aws:sns:ap-south-1:189351993567:demo-sns-topic",
            },
            {
              "Action": [
                "xray:PutTraceSegments",
                "xray:PutTelemetryRecords",
              ],
              "Effect": "Allow",
              "Resource": "*",
            },
            {
              "Action": [
                "dynamodb:BatchGetItem",
                "dynamodb:GetRecords",
                "dynamodb:GetShardIterator",
                "dynamodb:Query",
                "dynamodb:GetItem",
                "dynamodb:Scan",
                "dynamodb:ConditionCheckItem",
                "dynamodb:DescribeTable",
              ],
              "Effect": "Allow",
              "Resource": [
                {
                  "Fn::GetAtt": [
                    "dynamodbRefTablevehicledevicemappingtabledynamodbLogicalIdFA79C9F6",
                    "Arn",
                  ],
                },
                {
                  "Ref": "AWS::NoValue",
                },
              ],
            },
            {
              "Action": [
                "dynamodb:BatchGetItem",
                "dynamodb:GetRecords",
                "dynamodb:GetShardIterator",
                "dynamodb:Query",
                "dynamodb:GetItem",
                "dynamodb:Scan",
                "dynamodb:ConditionCheckItem",
                "dynamodb:DescribeTable",
              ],
              "Effect": "Allow",
              "Resource": [
                {
                  "Fn::GetAtt": [
                    "dynamodbVehicleTablevehicletabledynamodbLogicalId917C0593",
                    "Arn",
                  ],
                },
                {
                  "Ref": "AWS::NoValue",
                },
              ],
            },
            {
              "Action": "dynamodb:ListStreams",
              "Effect": "Allow",
              "Resource": "*",
            },
            {
              "Action": [
                "dynamodb:DescribeStream",
                "dynamodb:GetRecords",
                "dynamodb:GetShardIterator",
              ],
              "Effect": "Allow",
              "Resource": {
                "Fn::GetAtt": [
                  "dynamodbDeviceTabledevicetabledynamodbLogicalIdE02DFAD2",
                  "StreamArn",
                ],
              },
            },
          ],
          "Version": "2012-10-17",
        },
        "PolicyName": "pocDemoLambdaEventsHandlerLambdaServiceRoleDefaultPolicy70C38AE7",
        "Roles": [
          {
            "Ref": "pocDemoLambdaEventsHandlerLambdaServiceRoleDDA5FF74",
          },
        ],
      },
      "Type": "AWS::IAM::Policy",
    },
    "pocDemoLambdaeventsHandlerLambdaLayer01C20414": {
      "Properties": {
        "CompatibleArchitectures": [
          "arm64",
        ],
        "Content": {
          "S3Bucket": {
            "Fn::Sub": "cdk-hnb659fds-assets-\${AWS::AccountId}-\${AWS::Region}",
          },
          "S3Key": "a966740851c2f8630962d4b5ca81f388ab2e0fb74b57a141d42e6808f8b3cebe.zip",
        },
        "LayerName": "events-handler-lambda-layer",
        "LicenseInfo": "Assignment Purpose",
      },
      "Type": "AWS::Lambda::LayerVersion",
    },
  },
  "Rules": {
    "CheckBootstrapVersion": {
      "Assertions": [
        {
          "Assert": {
            "Fn::Not": [
              {
                "Fn::Contains": [
                  [
                    "1",
                    "2",
                    "3",
                    "4",
                    "5",
                  ],
                  {
                    "Ref": "BootstrapVersion",
                  },
                ],
              },
            ],
          },
          "AssertDescription": "CDK bootstrap stack version 6 required. Please run 'cdk bootstrap' with a recent version of the CDK CLI.",
        },
      ],
    },
  },
}
`;
